node.exe : 
[31mÔ£ù[39m Build 
failed in 819ms
En C:\Program 
Files\nodejs\npm.ps1: 
29 Carácter: 3
+   & $NODE_EXE 
$NPM_CLI_JS $args
+   ~~~~~~~~~~~~~~~~~~
~~~~~~~~~~~
    + CategoryInfo    
          : NotSpeci  
  fied: ([31mÔ£ù[   
 39m Build failed     
in 819ms:String)     
[], RemoteExcepti    
on
    + FullyQualifiedE 
   rrorId : NativeCo  
  mmandError
 
[31merror during 
build:
[31m[vite:esbuild] 
Transform failed with 
1 error:
C:/tel-101/src/compone
nts/AE4View.jsx:633:20
0: ERROR: Expected 
identifier but found 
"3"[31m
file: [36mC:/tel-101/
src/components/AE4View
.jsx:633:200[31m
[33m
[33mExpected 
identifier but found 
"3"[33m
631 |                 
                 
<Paragraph>La 
elecci├│n, dise├▒o e 
instalaci├│n de los 
alimentadores es un 
proceso funda...
632 |                 
                 
<Paragraph>Carga 
Total: Se debe 
conocer la carga 
m├íxima probable que 
ser├í alimentada,...
633 |  ...n m├¡nima 
requerida para no 
exceder el valor 
permitido (<3%, genera
lmente).</Paragraph>
    |                 
                      
                      
    ^
634 |                 
                 
<Paragraph>Material 
del Conductor: El 
cobre es el material 
m├ís usual, aunque 
tambi├®n ...
635 |                 
                 
<Paragraph>M├®todo de 
Instalaci├│n: 
Enterrado, en 
bandejas, canaletas, 
tubos PVC o meta...
[31m
    at 
failureErrorWithLog (C
:\tel-101\node_modules
\esbuild\lib\main.js:1
467:15)
    at C:\tel-101\node
_modules\esbuild\lib\m
ain.js:736:50
    at responseCallbac
ks.<computed> (C:\tel-
101\node_modules\esbui
ld\lib\main.js:603:9)
    at 
handleIncomingPacket (
C:\tel-101\node_module
s\esbuild\lib\main.js:
658:12)
    at 
Socket.readFromStdout 
(C:\tel-101\node_modul
es\esbuild\lib\main.js
:581:7)
    at Socket.emit 
(node:events:524:28)
    at addChunk (node:
internal/streams/reada
ble:561:12)
    at readableAddChun
kPushByteMode (node:in
ternal/streams/readabl
e:512:3)
    at Readable.push (
node:internal/streams/
readable:392:5)
    at 
Pipe.onStreamRead (nod
e:internal/stream_base
_commons:189:23)[39m
